../Core/GC9A01/GC9A01.c:36:6:TFT_config_default	16	static
../Core/GC9A01/GC9A01.c:101:6:TFT_Rst	8	static
../Core/GC9A01/GC9A01.c:115:6:TFT_enable_inter_command	8	static
../Core/GC9A01/GC9A01.c:131:6:unknow_function_1	8	static
../Core/GC9A01/GC9A01.c:166:6:config_display_function_control	16	static
../Core/GC9A01/GC9A01.c:179:6:config_memory_access_control	24	static
../Core/GC9A01/GC9A01.c:197:6:config_pixel_format_set	24	static
../Core/GC9A01/GC9A01.c:209:6:unknow_function_2	8	static
../Core/GC9A01/GC9A01.c:235:6:config_power_control	16	static
../Core/GC9A01/GC9A01.c:252:6:unknow_function_3	8	static
../Core/GC9A01/GC9A01.c:275:6:config_gamma	24	static
../Core/GC9A01/GC9A01.c:347:6:unknow_function_4	8	static
../Core/GC9A01/GC9A01.c:377:6:config_frame_rate	16	static
../Core/GC9A01/GC9A01.c:388:6:unknow_function_5	8	static
../Core/GC9A01/GC9A01.c:466:6:tearing_effect_line_off	8	static
../Core/GC9A01/GC9A01.c:471:6:display_inversion_on	8	static
../Core/GC9A01/GC9A01.c:476:6:wake_up_lcd	8	static
../Core/GC9A01/GC9A01.c:482:6:display_on	8	static
../Core/GC9A01/GC9A01.c:493:6:TFT_init	8	static
../Core/GC9A01/GC9A01.c:757:6:Add_set	24	static
../Core/GC9A01/GC9A01.c:776:6:TFT_clear	16	static
../Core/GC9A01/GC9A01.c:795:6:TFT_full	16	static
../Core/GC9A01/GC9A01.c:823:6:TFT_dispoint	16	static
../Core/GC9A01/GC9A01.c:838:6:Picture_display	40	static
